// Jest Snapshot v1, https://goo.gl/fbAQLP

exports[`LoginScreen shows login form if not logged in 1`] = `
<RCTScrollView
  automaticallyAdjustContentInsets={false}
  contentContainerStyle={
    Object {
      "backgroundColor": "white",
      "flex": 1,
      "width": "100%",
    }
  }
  contentInset={
    Object {
      "bottom": 0,
    }
  }
  enableAutomaticScroll={true}
  enableOnAndroid={false}
  enableResetScrollToCoords={true}
  extraHeight={75}
  extraScrollHeight={0}
  getScrollResponder={[Function]}
  handleOnScroll={[Function]}
  keyboardDismissMode="interactive"
  keyboardOpeningTime={250}
  keyboardSpace={0}
  onScroll={[Function]}
  resetKeyboardSpace={[Function]}
  scrollEventThrottle={1}
  scrollForExtraHeightOnAndroid={[Function]}
  scrollIntoView={[Function]}
  scrollToEnd={[Function]}
  scrollToFocusedInput={[Function]}
  scrollToPosition={[Function]}
  showsVerticalScrollIndicator={true}
  update={[Function]}
  viewIsInsideTabBar={false}
>
  <View>
    <Image
      source={1}
      style={
        Object {
          "alignSelf": "center",
          "flex": 1,
          "height": 120,
          "margin": 30,
          "resizeMode": "contain",
          "width": "85%",
        }
      }
      testID="form-logo"
    />
    <Text
      style={
        Object {
          "color": "#bab7b6",
          "textAlign": "center",
        }
      }
      testID="form-desc"
    >
      During development and testing you can use the following credentials (email/password): 
      

      user@mid.com/password or doctor@mid.com/password
    </Text>
    <TextInput
      allowFontScaling={true}
      autoCapitalize="none"
      autoCorrect={false}
      keyboardType="email-address"
      onChangeText={[Function]}
      placeholder="Email address"
      rejectResponderTermination={true}
      style={
        Object {
          "backgroundColor": "#f5f5f5",
          "borderRadius": 5,
          "height": 48,
          "marginBottom": 10,
          "marginLeft": 30,
          "marginRight": 30,
          "marginTop": 10,
          "overflow": "hidden",
          "paddingLeft": 16,
        }
      }
      testID="form-email-input"
      underlineColorAndroid="transparent"
      value="user@mid.com"
    />
    <TextInput
      allowFontScaling={true}
      autoCapitalize="none"
      autoCorrect={false}
      onChangeText={[Function]}
      placeholder="Password"
      rejectResponderTermination={true}
      secureTextEntry={true}
      style={
        Object {
          "backgroundColor": "#f5f5f5",
          "borderRadius": 5,
          "height": 48,
          "marginBottom": 10,
          "marginLeft": 30,
          "marginRight": 30,
          "marginTop": 10,
          "overflow": "hidden",
          "paddingLeft": 16,
        }
      }
      testID="form-password-input"
      underlineColorAndroid="transparent"
      value="password"
    />
    <View
      accessible={true}
      focusable={true}
      onClick={[Function]}
      onResponderGrant={[Function]}
      onResponderMove={[Function]}
      onResponderRelease={[Function]}
      onResponderTerminate={[Function]}
      onResponderTerminationRequest={[Function]}
      onStartShouldSetResponder={[Function]}
      style={
        Object {
          "alignItems": "center",
          "backgroundColor": "#788eec",
          "borderRadius": 5,
          "height": 48,
          "justifyContent": "center",
          "marginLeft": 30,
          "marginRight": 30,
          "marginTop": 20,
          "opacity": 1,
        }
      }
      testID="form-login-button"
    >
      <Text
        style={
          Object {
            "color": "white",
            "fontSize": 16,
            "fontWeight": "bold",
          }
        }
      >
        Log in
      </Text>
    </View>
    <View
      style={
        Object {
          "alignItems": "center",
          "flex": 1,
          "marginTop": 20,
        }
      }
    >
      <Text
        style={
          Object {
            "color": "#2e2e2d",
            "fontSize": 16,
          }
        }
        testID="form-footer-desc"
      >
        Don't have an account?
         
        <Text
          onPress={[Function]}
          style={
            Object {
              "color": "#788eec",
              "fontSize": 16,
              "fontWeight": "bold",
            }
          }
          testID="form-footer-button"
        >
          Sign up
        </Text>
      </Text>
    </View>
  </View>
</RCTScrollView>
`;
