// Jest Snapshot v1, https://goo.gl/fbAQLP

exports[`RegistrationScreen shows registration form 1`] = `
<View
  style={
    Object {
      "alignItems": "center",
      "backgroundColor": "white",
      "flex": 1,
    }
  }
>
  <RCTScrollView
    automaticallyAdjustContentInsets={false}
    contentInset={
      Object {
        "bottom": 0,
      }
    }
    enableAutomaticScroll={true}
    enableOnAndroid={false}
    enableResetScrollToCoords={true}
    extraHeight={75}
    extraScrollHeight={0}
    getScrollResponder={[Function]}
    handleOnScroll={[Function]}
    keyboardDismissMode="interactive"
    keyboardOpeningTime={250}
    keyboardShouldPersistTaps="always"
    keyboardSpace={0}
    onScroll={[Function]}
    resetKeyboardSpace={[Function]}
    scrollEventThrottle={1}
    scrollForExtraHeightOnAndroid={[Function]}
    scrollIntoView={[Function]}
    scrollToEnd={[Function]}
    scrollToFocusedInput={[Function]}
    scrollToPosition={[Function]}
    showsVerticalScrollIndicator={true}
    style={
      Object {
        "flex": 1,
        "width": "100%",
      }
    }
    update={[Function]}
    viewIsInsideTabBar={false}
  >
    <View>
      <Image
        source={1}
        style={
          Object {
            "alignSelf": "center",
            "flex": 1,
            "height": 120,
            "margin": 30,
            "resizeMode": "contain",
            "width": "85%",
          }
        }
        testID="form-logo"
      />
      <TextInput
        allowFontScaling={true}
        autoCapitalize="none"
        onChangeText={[Function]}
        placeholder="Full Name"
        placeholderTextColor="#aaaaaa"
        rejectResponderTermination={true}
        style={
          Object {
            "backgroundColor": "#f5f5f5",
            "borderRadius": 5,
            "height": 48,
            "marginBottom": 10,
            "marginLeft": 30,
            "marginRight": 30,
            "marginTop": 10,
            "overflow": "hidden",
            "paddingLeft": 16,
          }
        }
        testID="form-fullName-input"
        underlineColorAndroid="transparent"
        value=""
      />
      <TextInput
        allowFontScaling={true}
        autoCapitalize="none"
        onChangeText={[Function]}
        placeholder="E-mail"
        placeholderTextColor="#aaaaaa"
        rejectResponderTermination={true}
        style={
          Object {
            "backgroundColor": "#f5f5f5",
            "borderRadius": 5,
            "height": 48,
            "marginBottom": 10,
            "marginLeft": 30,
            "marginRight": 30,
            "marginTop": 10,
            "overflow": "hidden",
            "paddingLeft": 16,
          }
        }
        testID="form-email-input"
        underlineColorAndroid="transparent"
        value=""
      />
      <TextInput
        allowFontScaling={true}
        autoCapitalize="none"
        onChangeText={[Function]}
        placeholder="Password"
        placeholderTextColor="#aaaaaa"
        rejectResponderTermination={true}
        secureTextEntry={true}
        style={
          Object {
            "backgroundColor": "#f5f5f5",
            "borderRadius": 5,
            "height": 48,
            "marginBottom": 10,
            "marginLeft": 30,
            "marginRight": 30,
            "marginTop": 10,
            "overflow": "hidden",
            "paddingLeft": 16,
          }
        }
        testID="form-password-input"
        underlineColorAndroid="transparent"
        value=""
      />
      <TextInput
        allowFontScaling={true}
        autoCapitalize="none"
        onChangeText={[Function]}
        placeholder="Confirm Password"
        placeholderTextColor="#aaaaaa"
        rejectResponderTermination={true}
        secureTextEntry={true}
        style={
          Object {
            "backgroundColor": "#f5f5f5",
            "borderRadius": 5,
            "height": 48,
            "marginBottom": 10,
            "marginLeft": 30,
            "marginRight": 30,
            "marginTop": 10,
            "overflow": "hidden",
            "paddingLeft": 16,
          }
        }
        testID="form-confirmPassword-input"
        underlineColorAndroid="transparent"
        value=""
      />
      <View
        accessible={true}
        focusable={true}
        onClick={[Function]}
        onResponderGrant={[Function]}
        onResponderMove={[Function]}
        onResponderRelease={[Function]}
        onResponderTerminate={[Function]}
        onResponderTerminationRequest={[Function]}
        onStartShouldSetResponder={[Function]}
        style={
          Object {
            "alignItems": "center",
            "backgroundColor": "#788eec",
            "borderRadius": 5,
            "height": 48,
            "justifyContent": "center",
            "marginLeft": 30,
            "marginRight": 30,
            "marginTop": 20,
            "opacity": 1,
          }
        }
        testID="form-registration-button"
      >
        <Text
          style={
            Object {
              "color": "white",
              "fontSize": 16,
              "fontWeight": "bold",
              "textAlign": "center",
            }
          }
        >
          Create account
        </Text>
      </View>
      <View
        style={
          Object {
            "alignItems": "center",
            "flex": 1,
            "marginTop": 20,
          }
        }
      >
        <Text
          style={
            Object {
              "color": "#2e2e2d",
              "fontSize": 16,
            }
          }
        >
          Already got an account?
           
          <Text
            onPress={[Function]}
            style={
              Object {
                "color": "#788eec",
                "fontSize": 16,
                "fontWeight": "bold",
              }
            }
            testID="form-footer-button"
          >
            Log in
          </Text>
        </Text>
      </View>
    </View>
  </RCTScrollView>
</View>
`;
